OUT:
Buildfile: [TestData]/build.xml

build:
    [mkdir] Created dir: [Temp]/classes
    [javac] Compiling 2 source files to [Temp]/classes
    [javac] Compiling [[TestData]] => [[Temp]/classes]
    [javac] Running javac...
      [jar] Building jar: [Temp]/literals.jar

BUILD SUCCESSFUL
Total time: [time]

Return code: 0
